// Jest Snapshot v1, https://goo.gl/fbAQLP

exports[`chromium matches the NVDA speech snapshot when searching the docs: toMatchSpeechSnapshot 1`] = `
Array [
  Array [
    "banner landmark",
  ],
  Array [
    "Search",
    "combo box",
    "expanded",
    "has auto complete",
    "editable",
    "Searchâ€¦",
  ],
]
`;

exports[`chromium matches the NVDA speech snapshot when searching the docs: toMatchSpeechSnapshot 2`] = `Array []`;

exports[`chromium matches the NVDA speech snapshot when searching the docs: toMatchSpeechSnapshot 3`] = `
Array [
  Array [
    "list",
  ],
  Array [
    "Link to the result",
    "1 of 5",
  ],
]
`;
